NAME_:l
SIDEBAR_TOOL_ACTIVE:o
_bodyContainer:h
_modules:d
SIDEBAR_ICON:n
SIDEBAR_CONTROL_BTN:m
TYPE_:p
_container:c
_panel_width:i
_contentContainer:f
_settings:j
_map:g
deactivate:k
